// Vitest Snapshot v1, https://vitest.dev/guide/snapshot.html

exports[`snapshops for routes > renders home 1`] = `
<div>
  <div
    class="css-rwzxts"
  />
</div>
`;
